[crowncapital.ltd/indexbc14.html]
[backblue.gif]
[fade.gif]
[index.html]
[maxcdn.bootstrapcdn.com/bootstrap/3.3.7/css/bootstrap.min.css]
[crowncapital.ltd/styles/animate.css]
[crowncapital.ltd/styles/custom.css]
[crowncapital.ltd/styles/hover.css]
[ajax.googleapis.com/ajax/libs/jquery/3.3.1/jquery.min.js]
[crowncapital.ltd/styles/setting2.js]
[maxcdn.bootstrapcdn.com/bootstrap/3.3.7/js/bootstrap.min.js]
[crowncapital.ltd/styles/wow.js]
[crowncapital.ltd/styles/wow.min.js]
[translate.google.com/translate_a/element.9a0d8.delayed]
[client.crisp.chat/l.js]
[crowncapital.ltd/styles/images/logo.png]
[crowncapital.ltd/styles/images/telegram.png]
[crowncapital.ltd/index3898.html]
[crowncapital.ltd/index38cd.html]
[crowncapital.ltd/index15a0.html]
[crowncapital.ltd/styles/images/facebookicon.png]
[crowncapital.ltd/styles/images/logodash.png]
[crowncapital.ltd/indexcca3.html]
[crowncapital.ltd/indexc30b.html]
[crowncapital.ltd/styles/images/coinsicons.png]
[crowncapital.ltd/styles/images/planicon1.png]
[crowncapital.ltd/styles/images/planicon2.png]
[crowncapital.ltd/styles/images/planicon3.png]
[crowncapital.ltd/styles/images/planicon4.png]
[crowncapital.ltd/styles/images/aboutthumb.png]
[crowncapital.ltd/styles/images/referralthumb.png]
[crowncapital.ltd/styles/images/staticon1.png]
[crowncapital.ltd/styles/images/staticon2.png]
[crowncapital.ltd/styles/images/staticon3.png]
[crowncapital.ltd/styles/images/staticon6.png]
[crowncapital.ltd/styles/images/staticon7.png]
[crowncapital.ltd/styles/images/payment/pm.png]
[crowncapital.ltd/styles/images/payment/payeer.png]
[crowncapital.ltd/styles/images/payment/bitcoin.png]
[crowncapital.ltd/styles/images/payment/litecoin.png]
[crowncapital.ltd/styles/images/payment/etherium.png]
[crowncapital.ltd/styles/images/payment/bitcoincash.png]
[crowncapital.ltd/styles/images/payment/dodgecoin.png]
[crowncapital.ltd/styles/images/footercomodo.png]
[crowncapital.ltd/indexa972.html]
[crowncapital.ltd/styles/images/footerantidds.png]
[crowncapital.ltd/styles/images/footerdedicatedserver.png]
[crowncapital.ltd/indexbc14.html]
[maxcdn.bootstrapcdn.com/bootstrap/3.3.7/css/bootstrap.min.css]
[crowncapital.ltd/styles/animate.css]
[crowncapital.ltd/styles/images/select_arrow.png]
[crowncapital.ltd/styles/images/mainbannerbg.jpg]
[crowncapital.ltd/styles/images/clock.png]
[crowncapital.ltd/styles/images/dayslogo.png]
[crowncapital.ltd/styles/images/planbg.jpg]
[crowncapital.ltd/styles/images/vipplanstar.png]
[crowncapital.ltd/styles/images/aboutbgtexture.png]
[crowncapital.ltd/styles/images/companybg.png]
[crowncapital.ltd/styles/images/companybgtexture.png]
[crowncapital.ltd/styles/images/statbg.png]
[crowncapital.ltd/styles/images/lasttenborder.png]
[crowncapital.ltd/styles/images/footerlocation.png]
[crowncapital.ltd/styles/images/footerphone.png]
[crowncapital.ltd/styles/images/footeremail.png]
[crowncapital.ltd/styles/images/question.png]
[crowncapital.ltd/styles/images/copy.png]
[crowncapital.ltd/styles/images/menu.png]
[crowncapital.ltd/styles/custom.css]
[crowncapital.ltd/styles/hover.css]
[translate.google.com/translate_a/elementa0d8.html]
[crowncapital.ltd/styles/images/favicon.png]
[crowncapital.ltd/styles/images/logosmall.png]
[crowncapital.ltd/styles/images/middle1.png]
[crowncapital.ltd/styles/images/middle2.png]
[crowncapital.ltd/styles/images/middle3.png]
[crowncapital.ltd/styles/images/middle4.png]
[crowncapital.ltd/index3898.html]
[crowncapital.ltd/index38cd.html]
[crowncapital.ltd/styles/images/supportphone.png]
[crowncapital.ltd/styles/images/supportlocation.png]
[crowncapital.ltd/styles/images/supportemail.png]
[crowncapital.ltd/styles/images/certificate.png]
[crowncapital.ltd/index15a0.html]
[crowncapital.ltd/styles/images/loginicon.png]
[crowncapital.ltd/indexc30b.html]
[crowncapital.ltd/styles/images/signupicon.png]
[crowncapital.ltd/indexcca3.html]
[crowncapital.ltd/styles/images/certificate.html]
[crowncapital.ltd/indexa972.html]
[crowncapital.ltd/index8083.html]
[crowncapital.ltd/styles/images/forgpassword.png]
[crowncapital.ltd/index8083.html]
